// Jest Snapshot v1, https://goo.gl/fbAQLP

exports[`should match the snapshot 1`] = `
<div>
  <div
    class="authContent"
  >
    <div
      class="titleBody"
    >
      <section
        class="title"
      >
        Sign Up
      </section>
      <ul
        class="tabnav"
      >
        <li
          class="active"
        >
          <a
            href=" "
          >
            Sign Up
          </a>
        </li>
        <li>
          <a
            href="/"
          >
            ⚛︎
          </a>
        </li>
      </ul>
    </div>
    <main>
      <fieldset>
        <label>
          Email:
          <input
            value=""
          />
        </label>
        <label>
          Password:
          <input
            type="password"
            value=""
          />
        </label>
        <button>
          Sign Up
        </button>
        <div
          class="linkButton"
        >
          Log In Instead
        </div>
      </fieldset>
    </main>
  </div>
</div>
`;
