// Jest Snapshot v1, https://goo.gl/fbAQLP

exports[`should display a loading screen, then a project list view 1`] = `
<div>
  <div>
    <div
      class="titleBody"
    >
      <section
        class="title"
      >
        Projects
      </section>
      <ul
        class="tabnav"
      >
        <li
          class="active"
        >
          <a
            href=" "
          >
            Projects
          </a>
        </li>
        <li>
          <a
            href="/clients"
          >
            Clients
          </a>
        </li>
        <li>
          <a
            href="/projects/new"
          >
            New Project
          </a>
        </li>
      </ul>
    </div>
    <main>
      <section
        class="content"
      >
        <a
          href="/projects/1"
        >
          <div
            class="projectItem"
          >
            <div
              class="col"
            >
              <h3
                class="h3"
              >
                project1
              </h3>
              <h4
                class="h4"
              >
                bob1
              </h4>
            </div>
            <div
              class="detailCol"
            >
              <div
                class="detailContainer"
              >
                <img
                  alt="clock"
                  src="clockSmall.png"
                />
                Hourly Rate: $
                33
              </div>
              <div
                class="detailContainer"
              >
                <img
                  alt="clock"
                  src="clockSmall.png"
                />
                Hours Quoted: 
                22
                hrs
              </div>
              <div
                class="detailContainer"
              >
                <img
                  alt="money"
                  src="moneySmall.png"
                />
                Quoted Price: $
                300
              </div>
            </div>
          </div>
        </a>
        <a
          href="/projects/2"
        >
          <div
            class="projectItem"
          >
            <div
              class="col"
            >
              <h3
                class="h3"
              >
                project2
              </h3>
              <h4
                class="h4"
              >
                bob2
              </h4>
            </div>
            <div
              class="detailCol"
            >
              <div
                class="detailContainer"
              >
                <img
                  alt="clock"
                  src="clockSmall.png"
                />
                Hourly Rate: $
                33
              </div>
              <div
                class="detailContainer"
              >
                <img
                  alt="clock"
                  src="clockSmall.png"
                />
                Hours Quoted: 
                22
                hrs
              </div>
              <div
                class="detailContainer"
              >
                <img
                  alt="money"
                  src="moneySmall.png"
                />
                Quoted Price: $
                300
              </div>
            </div>
          </div>
        </a>
        <a
          href="/projects/3"
        >
          <div
            class="projectItem"
          >
            <div
              class="col"
            >
              <h3
                class="h3"
              >
                project3
              </h3>
              <h4
                class="h4"
              >
                bob3
              </h4>
            </div>
            <div
              class="detailCol"
            >
              <div
                class="detailContainer"
              >
                <img
                  alt="clock"
                  src="clockSmall.png"
                />
                Hourly Rate: $
                33
              </div>
              <div
                class="detailContainer"
              >
                <img
                  alt="clock"
                  src="clockSmall.png"
                />
                Hours Quoted: 
                22
                hrs
              </div>
              <div
                class="detailContainer"
              >
                <img
                  alt="money"
                  src="moneySmall.png"
                />
                Quoted Price: $
                300
              </div>
            </div>
          </div>
        </a>
      </section>
    </main>
  </div>
</div>
`;
