// Jest Snapshot v1, https://goo.gl/fbAQLP

exports[`should display a loading screen, then a project list view 1`] = `
<div>
  <div
    class="projectListView"
  >
    <div
      class="titleBody"
    >
      <section
        class="title"
      >
        Projects
      </section>
      <ul
        class="tabnav"
      >
        <li
          class="active"
        >
          <a
            href=" "
          >
            Projects
          </a>
        </li>
        <li>
          <a
            href="/clients"
          >
            Clients
          </a>
        </li>
        <li>
          <a
            href="/projects/new"
          >
            New Project
          </a>
        </li>
      </ul>
    </div>
    <a
      href="/projects/1"
    >
      <div
        class="projectItem"
      >
        <div
          class="col"
        >
          <h3
            class="h3"
          >
            project1
          </h3>
          <h4
            class="h4"
          >
            bob1
          </h4>
        </div>
        <div
          class="col"
        >
          <div>
            Hourly Rate: 
            33
          </div>
          <div>
            Hours Quoted: 
            22
          </div>
          <div>
            Quoted Price: 
            300
          </div>
        </div>
      </div>
    </a>
    <a
      href="/projects/2"
    >
      <div
        class="projectItem"
      >
        <div
          class="col"
        >
          <h3
            class="h3"
          >
            project2
          </h3>
          <h4
            class="h4"
          >
            bob2
          </h4>
        </div>
        <div
          class="col"
        >
          <div>
            Hourly Rate: 
            33
          </div>
          <div>
            Hours Quoted: 
            22
          </div>
          <div>
            Quoted Price: 
            300
          </div>
        </div>
      </div>
    </a>
    <a
      href="/projects/3"
    >
      <div
        class="projectItem"
      >
        <div
          class="col"
        >
          <h3
            class="h3"
          >
            project3
          </h3>
          <h4
            class="h4"
          >
            bob3
          </h4>
        </div>
        <div
          class="col"
        >
          <div>
            Hourly Rate: 
            33
          </div>
          <div>
            Hours Quoted: 
            22
          </div>
          <div>
            Quoted Price: 
            300
          </div>
        </div>
      </div>
    </a>
  </div>
</div>
`;
