// Jest Snapshot v1, https://goo.gl/fbAQLP

exports[`should display a loading screen, then a project detail view 1`] = `
<div>
  <div>
    <div
      class="titleBody"
    >
      <section
        class="title"
      >
        project1
      </section>
      <ul
        class="tabnav"
      >
        <li
          class="active"
        >
          <a
            href="/projects"
          >
            Projects
          </a>
        </li>
        <li>
          <a
            href="/clients"
          >
            Clients
          </a>
        </li>
        <li>
          <a
            href="/projects/edit/undefined"
          >
            Edit Project
          </a>
        </li>
      </ul>
    </div>
    <main>
      <div
        class="projectDetail"
      >
        Client Name
        <div
          class="clientName"
        >
          <h1
            aria-label="client-name"
          >
            bob1
          </h1>
        </div>
        <section
          class="infoSection"
        >
          <div
            aria-label="hourly-rate"
            class="infoItem"
          >
            <img
              alt="money"
              src="moneySmall.png"
            />
            Hourly Rate: $
            33
          </div>
          <div
            aria-label="URL"
            class="infoItem"
          >
            <img
              alt="www"
              src="wwwSmall.png"
            />
            URL: 
            something@something.com
          </div>
          <div
            aria-label="start-date"
            class="infoItem"
          >
            <img
              alt="clock"
              src="clockSmall.png"
            />
            Start Date: 
            2022-01-20
          </div>
          <div
            aria-label="end-date"
            class="infoItem"
          >
            <img
              alt="clock"
              src="clockSmall.png"
            />
            Deadline: 
            2022-01-21
          </div>
        </section>
        <section
          class="alignLeft"
        >
          <h2>
            Project Description:
          </h2>
          <p
            aria-label="description"
            class="textBlock"
          >
            ok
          </p>
        </section>
        <section
          class="alignLeft"
        >
          <h2>
            Hours and Pricing:
          </h2>
          <p
            class="alignItem"
          >
            <img
              alt="clock"
              src="clockSmall.png"
            />
            Hours Worked: 
          </p>
          <p
            class="alignItem"
          >
            <img
              alt="clock"
              src="clockSmall.png"
            />
            Hours Quoted: 
            22
          </p>
          <p
            class="alignItem"
          >
            <img
              alt="money"
              src="moneySmall.png"
            />
            Price Quoted: $
            300
          </p>
        </section>
        <section
          class="alignLeft"
        >
          <h2>
            Notes
          </h2>
          <p
            aria-label="notes"
            class="textBlock"
          >
            test notes
          </p>
        </section>
      </div>
    </main>
  </div>
</div>
`;
