// Jest Snapshot v1, https://goo.gl/fbAQLP

exports[`should render the fetched data 1`] = `
<div>
  <div>
    <div
      class="titleBody"
    >
      <ul
        class="tabnav"
      >
        <li
          class="active"
        >
          <a
            href=" "
          >
            clients
          </a>
        </li>
        <li>
          <a
            href="/projects"
          >
            Projects
          </a>
        </li>
        <li>
          <a
            href="/clients/newclient"
          >
            New Client
          </a>
        </li>
        <li>
          <a
            href="/login"
          >
            Log Out
          </a>
        </li>
      </ul>
    </div>
    <main>
      <section>
        <a
          href="/clients/1"
        >
          <div
            class="clientItem"
          >
            <div
              class="col"
            >
              <h3
                class="h3"
              >
                bob1
              </h3>
              <h4
                class="h4"
              >
                business1
              </h4>
            </div>
            <div
              class="col2"
            >
              <div
                class="row"
              >
                <img
                  alt="a phone icon"
                  src="phoneSmall.png"
                />
              </div>
              <div
                class="row"
              >
                <img
                  alt="a email icon"
                  src="emailSmall.png"
                />
              </div>
            </div>
          </div>
        </a>
        <a
          href="/clients/2"
        >
          <div
            class="clientItem"
          >
            <div
              class="col"
            >
              <h3
                class="h3"
              >
                bob2
              </h3>
              <h4
                class="h4"
              >
                business2
              </h4>
            </div>
            <div
              class="col2"
            >
              <div
                class="row"
              >
                <img
                  alt="a phone icon"
                  src="phoneSmall.png"
                />
              </div>
              <div
                class="row"
              >
                <img
                  alt="a email icon"
                  src="emailSmall.png"
                />
              </div>
            </div>
          </div>
        </a>
        <a
          href="/clients/3"
        >
          <div
            class="clientItem"
          >
            <div
              class="col"
            >
              <h3
                class="h3"
              >
                bob3
              </h3>
              <h4
                class="h4"
              >
                business3
              </h4>
            </div>
            <div
              class="col2"
            >
              <div
                class="row"
              >
                <img
                  alt="a phone icon"
                  src="phoneSmall.png"
                />
              </div>
              <div
                class="row"
              >
                <img
                  alt="a email icon"
                  src="emailSmall.png"
                />
              </div>
            </div>
          </div>
        </a>
      </section>
    </main>
  </div>
</div>
`;
