// Jest Snapshot v1, https://goo.gl/fbAQLP

exports[`should match the snapshot 1`] = `
<div>
  <main>
    <div
      class="clientDetail"
    >
      <div
        class="clientName"
      >
        bob
      </div>
      <div
        class="businessName"
      >
        <h1
          aria-label="business-name"
        >
          bobs business
        </h1>
        <h3>
          Business Name
        </h3>
      </div>
      <div
        class="infoWrapper"
      >
        <h3>
          <div
            aria-label="phone"
            class="contactDetails"
          >
            <section
              class="contactItem"
            >
              <img
                alt="phone icon"
                src="phoneSmall.png"
              />
              123
            </section>
            <section
              class="contactItem"
            >
              <img
                alt="email"
                src="emailSmall.png"
              />
              bob@bob.com
            </section>
          </div>
        </h3>
        <section
          class="projectSection"
        >
          <h2>
            Open Projects
          </h2>
          <section
            class="projectList"
          >
            <ul>
              <li>
                <a
                  href="/projects/1"
                >
                  <img
                    alt="palette"
                    src="paletteSmall.png"
                  />
                   
                  project1
                </a>
                <section
                  class="projectDescription"
                />
              </li>
              <li>
                <a
                  href="/projects/2"
                >
                  <img
                    alt="palette"
                    src="paletteSmall.png"
                  />
                   
                  project2
                </a>
                <section
                  class="projectDescription"
                />
              </li>
            </ul>
          </section>
        </section>
      </div>
      <section
        class="notesSection"
      >
        <h2>
          Notes
        </h2>
        <p
          aria-label="notes"
          class="notes"
        >
          yo bobs pretty cool
        </p>
      </section>
    </div>
  </main>
</div>
`;
