// Jest Snapshot v1, https://goo.gl/fbAQLP

exports[`should render the fetched data 1`] = `
<div>
  <div>
    <div>
      <div
        class="titleBody"
      >
        <ul
          class="tabnav"
        >
          <li
            class="active"
          >
            <a
              href="/clients"
            >
              Clients
            </a>
          </li>
          <li>
            <a
              href="/projects"
            >
              Projects
            </a>
          </li>
          <li>
            <a
              href="/clients/edit/1"
            >
              Edit Client
            </a>
          </li>
          <li>
            <a
              href="/login"
            >
              Log Out
            </a>
          </li>
        </ul>
      </div>
      <main>
        <div
          class="clientDetail"
        >
          <div
            class="clientName"
          >
            bob1
          </div>
          <div
            class="businessName"
          >
            <h1
              aria-label="business-name"
            >
              business1
            </h1>
            <h3>
              Business Name
            </h3>
          </div>
          <div
            class="infoWrapper"
          >
            <h3>
              <div
                aria-label="phone"
                class="contactDetails"
              >
                <section
                  class="contactItem"
                >
                  <img
                    alt="phone icon"
                    src="phoneSmall.png"
                  />
                </section>
                <section
                  class="contactItem"
                >
                  <img
                    alt="email"
                    src="emailSmall.png"
                  />
                </section>
              </div>
            </h3>
            <section
              class="projectSection"
            >
              <h2>
                Open Projects
              </h2>
              <section
                class="projectList"
              >
                <ul>
                  <li>
                    <a
                      href="/projects/1"
                    >
                      <img
                        alt="palette"
                        src="paletteSmall.png"
                      />
                       
                      project1
                    </a>
                    <section
                      class="projectDescription"
                    >
                      ok
                    </section>
                  </li>
                  <li>
                    <a
                      href="/projects/2"
                    >
                      <img
                        alt="palette"
                        src="paletteSmall.png"
                      />
                       
                      project2
                    </a>
                    <section
                      class="projectDescription"
                    >
                      ok
                    </section>
                  </li>
                  <li>
                    <a
                      href="/projects/3"
                    >
                      <img
                        alt="palette"
                        src="paletteSmall.png"
                      />
                       
                      project3
                    </a>
                    <section
                      class="projectDescription"
                    >
                      ok
                    </section>
                  </li>
                </ul>
              </section>
            </section>
          </div>
          <section
            class="notesSection"
          >
            <h2>
              Notes
            </h2>
            <p
              aria-label="notes"
              class="notes"
            >
              No notes entered.
            </p>
          </section>
        </div>
      </main>
    </div>
  </div>
</div>
`;
