// Jest Snapshot v1, https://goo.gl/fbAQLP

exports[`properly renders the Routes component 1`] = `
<div>
  <div
    class="test"
  >
    <div
      class="authContent"
    >
      <div
        class="titleBody"
      >
        <ul
          class="tabnav"
        >
          <li
            class="active"
          >
            <a
              href=" "
            >
              Log In
            </a>
          </li>
          <li>
            <a
              href="/"
            >
              ⚛︎
            </a>
          </li>
        </ul>
      </div>
      <main>
        <fieldset>
          <label>
            Email:
            <input
              value=""
            />
          </label>
          <label>
            Password:
            <input
              type="password"
              value=""
            />
          </label>
          <button>
            Log In
          </button>
          <button>
            Log In With Demo Account
          </button>
          <div
            class="linkButton"
          >
            Sign Up Instead
          </div>
        </fieldset>
      </main>
    </div>
  </div>
</div>
`;
