// Jest Snapshot v1, https://goo.gl/fbAQLP

exports[`should render the fetched data 1`] = `
<div>
  <div>
    <div>
      <div
        class="titleBody"
      >
        <section
          class="title"
        />
        <ul
          class="tabnav"
        >
          <li
            class="active"
          >
            <a
              href="/clients"
            >
              Clients
            </a>
          </li>
          <li>
            <a
              href="/projects"
            >
              Projects
            </a>
          </li>
          <li>
            <a
              href="/editclient"
            >
              Edit Client
            </a>
          </li>
        </ul>
      </div>
      <div
        class="clientDetail"
      >
        <h3
          class="h3"
        />
        <div
          class="twoColRow"
        >
          <div
            class="col"
          >
            <div
              class="row"
            >
              <img
                alt="a phone icon"
                src="phoneSmall.png"
              />
            </div>
            <div
              class="row"
            >
              <img
                alt="an email icon"
                src="emailSmall.png"
              />
            </div>
          </div>
          <div
            class="col"
          >
            <div
              class="row"
            >
              <img
                alt="a palette icon"
                src="paletteSmall.png"
              />
              Client Projects
            </div>
            <ul
              class="linkList"
            >
              <li>
                <a
                  href="/projects/1"
                >
                  project1
                </a>
              </li>
              <li>
                <a
                  href="/projects/2"
                >
                  project2
                </a>
              </li>
              <li>
                <a
                  href="/projects/3"
                >
                  project3
                </a>
              </li>
            </ul>
          </div>
        </div>
        <div>
          <div
            class="row"
          >
            <img
              alt="a notes icon"
              src="emailSmall.png"
            />
            Notes
          </div>
          <div
            class="notesDiv"
          >
            No notes entered.
          </div>
        </div>
      </div>
    </div>
  </div>
</div>
`;
