// Jest Snapshot v1, https://goo.gl/fbAQLP

exports[`should display project detail with provided content 1`] = `
<div>
  <main>
    <div
      class="projectDetail"
    >
      Client Name
      <div
        class="clientName"
      >
        <h1
          aria-label="client-name"
        >
          No client name entered
        </h1>
      </div>
      <section
        class="infoSection"
      >
        <div
          aria-label="hourly-rate"
          class="infoItem"
        >
          <img
            alt="money"
            src="moneySmall.png"
          />
          Hourly Rate: $
          33
        </div>
        <div
          aria-label="URL"
          class="infoItem"
        >
          <img
            alt="www"
            src="wwwSmall.png"
          />
          URL: 
          something
        </div>
        <div
          aria-label="start-date"
          class="infoItem"
        >
          <img
            alt="clock"
            src="clockSmall.png"
          />
          Start Date: 
          2022-01-20
        </div>
        <div
          aria-label="end-date"
          class="infoItem"
        >
          <img
            alt="clock"
            src="clockSmall.png"
          />
          Deadline: 
          2022-01-20
        </div>
      </section>
      <section
        class="alignLeft"
      >
        <h2>
          Project Description:
        </h2>
        <p
          aria-label="description"
          class="textBlock"
        >
          something
        </p>
      </section>
      <section
        class="alignLeft"
      >
        <h2>
          Hours and Pricing:
        </h2>
        <p
          class="alignItem"
        >
          <img
            alt="clock"
            src="clockSmall.png"
          />
          Hours Worked: 
        </p>
        <p
          class="alignItem"
        >
          <img
            alt="clock"
            src="clockSmall.png"
          />
          Hours Quoted: 
        </p>
        <p
          class="alignItem"
        >
          <img
            alt="money"
            src="moneySmall.png"
          />
          Price Quoted: $
        </p>
      </section>
      <section
        class="alignLeft"
      >
        <h2>
          Notes
        </h2>
        <p
          aria-label="notes"
          class="textBlock"
        >
          something
        </p>
      </section>
    </div>
  </main>
</div>
`;
